// Jest Snapshot v1, https://goo.gl/fbAQLP

exports[`ButtonBar renders correctly without max value 1`] = `
ShallowWrapper {
  Symbol(enzyme.__root__): [Circular],
  Symbol(enzyme.__unrendered__): <ButtonBar
    currentPage={1}
    min={1}
  />,
  Symbol(enzyme.__renderer__): Object {
    "batchedUpdates": [Function],
    "checkPropTypes": [Function],
    "getNode": [Function],
    "render": [Function],
    "simulateError": [Function],
    "simulateEvent": [Function],
    "unmount": [Function],
  },
  Symbol(enzyme.__node__): Object {
    "instance": null,
    "key": undefined,
    "nodeType": "host",
    "props": Object {
      "children": Array [
        false,
        <span
          className="page_indicator"
        >
          Page 1
        </span>,
        false,
        false,
      ],
    },
    "ref": null,
    "rendered": Array [
      false,
      Object {
        "instance": null,
        "key": undefined,
        "nodeType": "host",
        "props": Object {
          "children": "Page 1",
          "className": "page_indicator",
        },
        "ref": null,
        "rendered": "Page 1",
        "type": "span",
      },
      false,
      false,
    ],
    "type": "div",
  },
  Symbol(enzyme.__nodes__): Array [
    Object {
      "instance": null,
      "key": undefined,
      "nodeType": "host",
      "props": Object {
        "children": Array [
          false,
          <span
            className="page_indicator"
          >
            Page 1
          </span>,
          false,
          false,
        ],
      },
      "ref": null,
      "rendered": Array [
        false,
        Object {
          "instance": null,
          "key": undefined,
          "nodeType": "host",
          "props": Object {
            "children": "Page 1",
            "className": "page_indicator",
          },
          "ref": null,
          "rendered": "Page 1",
          "type": "span",
        },
        false,
        false,
      ],
      "type": "div",
    },
  ],
  Symbol(enzyme.__options__): Object {
    "adapter": ReactSixteenAdapter {
      "options": Object {
        "enableComponentDidUpdateOnSetState": true,
        "legacyContextMode": "parent",
        "lifecycles": Object {
          "componentDidUpdate": Object {
            "onSetState": true,
          },
          "getChildContext": Object {
            "calledByRenderer": false,
          },
          "getDerivedStateFromError": true,
          "getDerivedStateFromProps": Object {
            "hasShouldComponentUpdateBug": false,
          },
          "getSnapshotBeforeUpdate": true,
          "setState": Object {
            "skipsComponentDidUpdateOnNullish": true,
          },
        },
      },
    },
    Symbol(enzyme.__providerValues__): undefined,
  },
  Symbol(enzyme.__providerValues__): Map {},
}
`;
